0 verbose cli /usr/local/bin/node /usr/local/bin/npm
1 info using npm@11.13.0
2 info using node@v24.16.0
3 silly config load:file:/usr/local/lib/node_modules/npm/npmrc
4 silly config load:file:/Users/macbook/Documents/LANDING PAGE/.npmrc
5 silly config load:file:/Users/macbook/.npmrc
6 silly config load:file:/usr/local/etc/npmrc
7 verbose title npm install
8 verbose argv "install" "--cache" "./npm-cache-temp"
9 verbose logfile logs-max:10 dir:/Users/macbook/Documents/LANDING PAGE/npm-cache-temp/_logs/2026-05-26T01_10_46_162Z-
10 verbose logfile /Users/macbook/Documents/LANDING PAGE/npm-cache-temp/_logs/2026-05-26T01_10_46_162Z-debug-0.log
11 silly logfile done cleaning log files
12 silly packumentCache heap:2348810240 maxSize:587202560 maxEntrySize:293601280
13 verbose shrinkwrap failed to load node_modules/.package-lock.json out of date, updated: node_modules
14 silly idealTree buildDeps
15 silly reify moves {}
16 silly audit bulk request {
16 silly audit   '@alloc/quick-lru': [ '5.2.0' ],
16 silly audit   '@babel/code-frame': [ '7.29.0' ],
16 silly audit   '@babel/compat-data': [ '7.29.3' ],
16 silly audit   '@babel/core': [ '7.29.0' ],
16 silly audit   '@babel/generator': [ '7.29.1' ],
16 silly audit   '@babel/helper-compilation-targets': [ '7.28.6' ],
16 silly audit   '@babel/helper-globals': [ '7.28.0' ],
16 silly audit   '@babel/helper-module-imports': [ '7.28.6' ],
16 silly audit   '@babel/helper-module-transforms': [ '7.28.6' ],
16 silly audit   '@babel/helper-plugin-utils': [ '7.28.6' ],
16 silly audit   '@babel/helper-string-parser': [ '7.27.1' ],
16 silly audit   '@babel/helper-validator-identifier': [ '7.28.5' ],
16 silly audit   '@babel/helper-validator-option': [ '7.27.1' ],
16 silly audit   '@babel/helpers': [ '7.29.2' ],
16 silly audit   '@babel/parser': [ '7.29.3' ],
16 silly audit   '@babel/plugin-transform-react-jsx-self': [ '7.27.1' ],
16 silly audit   '@babel/plugin-transform-react-jsx-source': [ '7.27.1' ],
16 silly audit   '@babel/template': [ '7.28.6' ],
16 silly audit   '@babel/traverse': [ '7.29.0' ],
16 silly audit   '@babel/types': [ '7.29.0' ],
16 silly audit   '@esbuild/aix-ppc64': [ '0.21.5' ],
16 silly audit   '@esbuild/android-arm': [ '0.21.5' ],
16 silly audit   '@esbuild/android-arm64': [ '0.21.5' ],
16 silly audit   '@esbuild/android-x64': [ '0.21.5' ],
16 silly audit   '@esbuild/darwin-arm64': [ '0.21.5' ],
16 silly audit   '@esbuild/darwin-x64': [ '0.21.5' ],
16 silly audit   '@esbuild/freebsd-arm64': [ '0.21.5' ],
16 silly audit   '@esbuild/freebsd-x64': [ '0.21.5' ],
16 silly audit   '@esbuild/linux-arm': [ '0.21.5' ],
16 silly audit   '@esbuild/linux-arm64': [ '0.21.5' ],
16 silly audit   '@esbuild/linux-ia32': [ '0.21.5' ],
16 silly audit   '@esbuild/linux-loong64': [ '0.21.5' ],
16 silly audit   '@esbuild/linux-mips64el': [ '0.21.5' ],
16 silly audit   '@esbuild/linux-ppc64': [ '0.21.5' ],
16 silly audit   '@esbuild/linux-riscv64': [ '0.21.5' ],
16 silly audit   '@esbuild/linux-s390x': [ '0.21.5' ],
16 silly audit   '@esbuild/linux-x64': [ '0.21.5' ],
16 silly audit   '@esbuild/netbsd-x64': [ '0.21.5' ],
16 silly audit   '@esbuild/openbsd-x64': [ '0.21.5' ],
16 silly audit   '@esbuild/sunos-x64': [ '0.21.5' ],
16 silly audit   '@esbuild/win32-arm64': [ '0.21.5' ],
16 silly audit   '@esbuild/win32-ia32': [ '0.21.5' ],
16 silly audit   '@esbuild/win32-x64': [ '0.21.5' ],
16 silly audit   '@jridgewell/gen-mapping': [ '0.3.13' ],
16 silly audit   '@jridgewell/remapping': [ '2.3.5' ],
16 silly audit   '@jridgewell/resolve-uri': [ '3.1.2' ],
16 silly audit   '@jridgewell/sourcemap-codec': [ '1.5.5' ],
16 silly audit   '@jridgewell/trace-mapping': [ '0.3.31' ],
16 silly audit   '@nodelib/fs.scandir': [ '2.1.5' ],
16 silly audit   '@nodelib/fs.stat': [ '2.0.5' ],
16 silly audit   '@nodelib/fs.walk': [ '1.2.8' ],
16 silly audit   '@rolldown/pluginutils': [ '1.0.0-beta.27' ],
16 silly audit   '@rollup/rollup-android-arm-eabi': [ '4.60.4' ],
16 silly audit   '@rollup/rollup-android-arm64': [ '4.60.4' ],
16 silly audit   '@rollup/rollup-darwin-arm64': [ '4.60.4' ],
16 silly audit   '@rollup/rollup-darwin-x64': [ '4.60.4' ],
16 silly audit   '@rollup/rollup-freebsd-arm64': [ '4.60.4' ],
16 silly audit   '@rollup/rollup-freebsd-x64': [ '4.60.4' ],
16 silly audit   '@rollup/rollup-linux-arm-gnueabihf': [ '4.60.4' ],
16 silly audit   '@rollup/rollup-linux-arm-musleabihf': [ '4.60.4' ],
16 silly audit   '@rollup/rollup-linux-arm64-gnu': [ '4.60.4' ],
16 silly audit   '@rollup/rollup-linux-arm64-musl': [ '4.60.4' ],
16 silly audit   '@rollup/rollup-linux-loong64-gnu': [ '4.60.4' ],
16 silly audit   '@rollup/rollup-linux-loong64-musl': [ '4.60.4' ],
16 silly audit   '@rollup/rollup-linux-ppc64-gnu': [ '4.60.4' ],
16 silly audit   '@rollup/rollup-linux-ppc64-musl': [ '4.60.4' ],
16 silly audit   '@rollup/rollup-linux-riscv64-gnu': [ '4.60.4' ],
16 silly audit   '@rollup/rollup-linux-riscv64-musl': [ '4.60.4' ],
16 silly audit   '@rollup/rollup-linux-s390x-gnu': [ '4.60.4' ],
16 silly audit   '@rollup/rollup-linux-x64-gnu': [ '4.60.4' ],
16 silly audit   '@rollup/rollup-linux-x64-musl': [ '4.60.4' ],
16 silly audit   '@rollup/rollup-openbsd-x64': [ '4.60.4' ],
16 silly audit   '@rollup/rollup-openharmony-arm64': [ '4.60.4' ],
16 silly audit   '@rollup/rollup-win32-arm64-msvc': [ '4.60.4' ],
16 silly audit   '@rollup/rollup-win32-ia32-msvc': [ '4.60.4' ],
16 silly audit   '@rollup/rollup-win32-x64-gnu': [ '4.60.4' ],
16 silly audit   '@rollup/rollup-win32-x64-msvc': [ '4.60.4' ],
16 silly audit   '@types/babel__core': [ '7.20.5' ],
16 silly audit   '@types/babel__generator': [ '7.27.0' ],
16 silly audit   '@types/babel__template': [ '7.4.4' ],
16 silly audit   '@types/babel__traverse': [ '7.28.0' ],
16 silly audit   '@types/estree': [ '1.0.8' ],
16 silly audit   '@vitejs/plugin-react': [ '4.7.0' ],
16 silly audit   'any-promise': [ '1.3.0' ],
16 silly audit   anymatch: [ '3.1.3' ],
16 silly audit   arg: [ '5.0.2' ],
16 silly audit   autoprefixer: [ '10.5.0' ],
16 silly audit   'baseline-browser-mapping': [ '2.10.32' ],
16 silly audit   'binary-extensions': [ '2.3.0' ],
16 silly audit   braces: [ '3.0.3' ],
16 silly audit   browserslist: [ '4.28.2' ],
16 silly audit   'camelcase-css': [ '2.0.1' ],
16 silly audit   'caniuse-lite': [ '1.0.30001793' ],
16 silly audit   chokidar: [ '3.6.0' ],
16 silly audit   'glob-parent': [ '5.1.2', '6.0.2' ],
16 silly audit   commander: [ '4.1.1' ],
16 silly audit   'convert-source-map': [ '2.0.0' ],
16 silly audit   cookie: [ '1.1.1' ],
16 silly audit   cssesc: [ '3.0.0' ],
16 silly audit   debug: [ '4.4.3' ],
16 silly audit   didyoumean: [ '1.2.2' ],
16 silly audit   dlv: [ '1.1.3' ],
16 silly audit   'electron-to-chromium': [ '1.5.361' ],
16 silly audit   'es-errors': [ '1.3.0' ],
16 silly audit   esbuild: [ '0.21.5' ],
16 silly audit   escalade: [ '3.2.0' ],
16 silly audit   'fast-glob': [ '3.3.3' ],
16 silly audit   fastq: [ '1.20.1' ],
16 silly audit   'fill-range': [ '7.1.1' ],
16 silly audit   'fraction.js': [ '5.3.4' ],
16 silly audit   fsevents: [ '2.3.3' ],
16 silly audit   'function-bind': [ '1.1.2' ],
16 silly audit   gensync: [ '1.0.0-beta.2' ],
16 silly audit   hasown: [ '2.0.3' ],
16 silly audit   'is-binary-path': [ '2.1.0' ],
16 silly audit   'is-core-module': [ '2.16.2' ],
16 silly audit   'is-extglob': [ '2.1.1' ],
16 silly audit   'is-glob': [ '4.0.3' ],
16 silly audit   'is-number': [ '7.0.0' ],
16 silly audit   jiti: [ '1.21.7' ],
16 silly audit   'js-tokens': [ '4.0.0' ],
16 silly audit   jsesc: [ '3.1.0' ],
16 silly audit   json5: [ '2.2.3' ],
16 silly audit   lilconfig: [ '3.1.3' ],
16 silly audit   'lines-and-columns': [ '1.2.4' ],
16 silly audit   'loose-envify': [ '1.4.0' ],
16 silly audit   'lru-cache': [ '5.1.1' ],
16 silly audit   merge2: [ '1.4.1' ],
16 silly audit   micromatch: [ '4.0.8' ],
16 silly audit   ms: [ '2.1.3' ],
16 silly audit   mz: [ '2.7.0' ],
16 silly audit   nanoid: [ '3.3.12' ],
16 silly audit   'node-releases': [ '2.0.46' ],
16 silly audit   'normalize-path': [ '3.0.0' ],
16 silly audit   'object-assign': [ '4.1.1' ],
16 silly audit   'object-hash': [ '3.0.0' ],
16 silly audit   'path-parse': [ '1.0.7' ],
16 silly audit   picocolors: [ '1.1.1' ],
16 silly audit   picomatch: [ '2.3.2', '4.0.4' ],
16 silly audit   pify: [ '2.3.0' ],
16 silly audit   pirates: [ '4.0.7' ],
16 silly audit   postcss: [ '8.5.15' ],
16 silly audit   'postcss-import': [ '15.1.0' ],
16 silly audit   'postcss-js': [ '4.1.0' ],
16 silly audit   'postcss-load-config': [ '6.0.1' ],
16 silly audit   'postcss-nested': [ '6.2.0' ],
16 silly audit   'postcss-selector-parser': [ '6.1.2' ],
16 silly audit   'postcss-value-parser': [ '4.2.0' ],
16 silly audit   'queue-microtask': [ '1.2.3' ],
16 silly audit   react: [ '18.3.1' ],
16 silly audit   'react-dom': [ '18.3.1' ],
16 silly audit   'react-refresh': [ '0.17.0' ],
16 silly audit   'react-router': [ '7.15.1' ],
16 silly audit   'react-router-dom': [ '7.15.1' ],
16 silly audit   'read-cache': [ '1.0.0' ],
16 silly audit   readdirp: [ '3.6.0' ],
16 silly audit   resolve: [ '1.22.12' ],
16 silly audit   reusify: [ '1.1.0' ],
16 silly audit   rollup: [ '4.60.4' ],
16 silly audit   'run-parallel': [ '1.2.0' ],
16 silly audit   scheduler: [ '0.23.2' ],
16 silly audit   semver: [ '6.3.1' ],
16 silly audit   'set-cookie-parser': [ '2.7.2' ],
16 silly audit   'source-map-js': [ '1.2.1' ],
16 silly audit   sucrase: [ '3.35.1' ],
16 silly audit   'supports-preserve-symlinks-flag': [ '1.0.0' ],
16 silly audit   tailwindcss: [ '3.4.19' ],
16 silly audit   thenify: [ '3.3.1' ],
16 silly audit   'thenify-all': [ '1.6.0' ],
16 silly audit   tinyglobby: [ '0.2.16' ],
16 silly audit   fdir: [ '6.5.0' ],
16 silly audit   'to-regex-range': [ '5.0.1' ],
16 silly audit   'ts-interface-checker': [ '0.1.13' ],
16 silly audit   'update-browserslist-db': [ '1.2.3' ],
16 silly audit   'util-deprecate': [ '1.0.2' ],
16 silly audit   vite: [ '5.4.21' ],
16 silly audit   yallist: [ '3.1.1' ]
16 silly audit }
17 http cache set-cookie-parser@https://registry.npmjs.org/set-cookie-parser/-/set-cookie-parser-2.7.2.tgz 0ms (cache hit)
18 http cache react-router-dom@https://registry.npmjs.org/react-router-dom/-/react-router-dom-7.15.1.tgz 0ms (cache hit)
19 http cache react-router@https://registry.npmjs.org/react-router/-/react-router-7.15.1.tgz 0ms (cache hit)
20 http cache fsevents@https://registry.npmjs.org/fsevents/-/fsevents-2.3.3.tgz 0ms (cache hit)
21 http cache cookie@https://registry.npmjs.org/cookie/-/cookie-1.1.1.tgz 0ms (cache hit)
22 silly tarball no local data for set-cookie-parser@https://registry.npmjs.org/set-cookie-parser/-/set-cookie-parser-2.7.2.tgz. Extracting by manifest.
23 silly tarball no local data for react-router-dom@https://registry.npmjs.org/react-router-dom/-/react-router-dom-7.15.1.tgz. Extracting by manifest.
24 silly tarball no local data for react-router@https://registry.npmjs.org/react-router/-/react-router-7.15.1.tgz. Extracting by manifest.
25 silly tarball no local data for fsevents@https://registry.npmjs.org/fsevents/-/fsevents-2.3.3.tgz. Extracting by manifest.
26 silly tarball no local data for cookie@https://registry.npmjs.org/cookie/-/cookie-1.1.1.tgz. Extracting by manifest.
27 http fetch GET 200 https://registry.npmjs.org/react-router-dom/-/react-router-dom-7.15.1.tgz 341ms (cache miss)
28 http fetch GET 200 https://registry.npmjs.org/set-cookie-parser/-/set-cookie-parser-2.7.2.tgz 342ms (cache miss)
29 http fetch GET 200 https://registry.npmjs.org/cookie/-/cookie-1.1.1.tgz 342ms (cache miss)
30 http fetch GET 200 https://registry.npmjs.org/fsevents/-/fsevents-2.3.3.tgz 344ms (cache miss)
31 http fetch POST 200 https://registry.npmjs.org/-/npm/v1/security/advisories/bulk 472ms
32 silly audit report {
32 silly audit report   esbuild: [
32 silly audit report     {
32 silly audit report       id: 1102341,
32 silly audit report       url: 'https://github.com/advisories/GHSA-67mh-4wv8-2f99',
32 silly audit report       title: 'esbuild enables any website to send any requests to the development server and read the response',
32 silly audit report       severity: 'moderate',
32 silly audit report       vulnerable_versions: '<=0.24.2',
32 silly audit report       cwe: [Array],
32 silly audit report       cvss: [Object]
32 silly audit report     }
32 silly audit report   ],
32 silly audit report   vite: [
32 silly audit report     {
32 silly audit report       id: 1116229,
32 silly audit report       url: 'https://github.com/advisories/GHSA-4w7w-66w2-5vf9',
32 silly audit report       title: 'Vite Vulnerable to Path Traversal in Optimized Deps `.map` Handling',
32 silly audit report       severity: 'moderate',
32 silly audit report       vulnerable_versions: '<=6.4.1',
32 silly audit report       cwe: [Array],
32 silly audit report       cvss: [Object]
32 silly audit report     }
32 silly audit report   ]
32 silly audit report }
33 silly packumentCache corgi:https://registry.npmjs.org/esbuild cache-miss
34 silly packumentCache corgi:https://registry.npmjs.org/vite cache-miss
35 http fetch GET 200 https://registry.npmjs.org/npm 588ms
36 http fetch GET 200 https://registry.npmjs.org/react-router/-/react-router-7.15.1.tgz 975ms (cache miss)
37 http fetch GET 200 https://registry.npmjs.org/esbuild 676ms (cache miss)
38 silly packumentCache corgi:https://registry.npmjs.org/esbuild set size:undefined disposed:false
39 http fetch GET 200 https://registry.npmjs.org/vite 768ms (cache miss)
40 silly packumentCache corgi:https://registry.npmjs.org/vite set size:undefined disposed:false
41 silly packumentCache corgi:https://registry.npmjs.org/@vitejs%2fplugin-react cache-miss
42 http fetch GET 200 https://registry.npmjs.org/@vitejs%2fplugin-react 137ms (cache miss)
43 silly packumentCache corgi:https://registry.npmjs.org/@vitejs%2fplugin-react set size:undefined disposed:false
44 silly ADD node_modules/set-cookie-parser
45 silly ADD node_modules/react-router-dom
46 silly ADD node_modules/react-router
47 silly ADD node_modules/fsevents
48 silly ADD node_modules/cookie
49 verbose cwd /Users/macbook/Documents/LANDING PAGE
50 verbose os Darwin 23.4.0
51 verbose node v24.16.0
52 verbose npm  v11.13.0
53 notice
53 notice New minor version of npm available! 11.13.0 -> 11.15.0
53 notice Changelog: https://github.com/npm/cli/releases/tag/v11.15.0
53 notice To update run: npm install -g npm@11.15.0
53 notice  { force: true, Symbol(proc-log.meta): true }
54 verbose exit 0
55 info ok
